CRITICAL - 2025-08-01 11:40:45 --> CodeIgniter\View\Exceptions\ViewException: Invalid file: "admin/layout.php"
[Method: GET, Route: admin/payment-methods]
in SYSTEMPATH\Exceptions\FrameworkException.php on line 39.
 1 SYSTEMPATH\View\View.php(212): CodeIgniter\Exceptions\FrameworkException::forInvalidFile('admin/layout.php')
 2 SYSTEMPATH\View\View.php(240): CodeIgniter\View\View->render('admin/layout', [], true)
 3 SYSTEMPATH\Common.php(1173): CodeIgniter\View\View->render('admin/payment_methods/index', [], true)
 4 APPPATH\Controllers\Admin\PaymentMethodController.php(63): view('admin/payment_methods/index', [...])
 5 SYSTEMPATH\CodeIgniter.php(933): App\Controllers\Admin\PaymentMethodController->index()
 6 SYSTEMPATH\CodeIgniter.php(507): CodeIgniter\CodeIgniter->runController(Object(App\Controllers\Admin\PaymentMethodController))
 7 SYSTEMPATH\CodeIgniter.php(354): CodeIgniter\CodeIgniter->handleRequest(null, Object(Config\Cache), false)
 8 SYSTEMPATH\Boot.php(334): CodeIgniter\CodeIgniter->run()
 9 SYSTEMPATH\Boot.php(67): CodeIgniter\Boot::runCodeIgniter(Object(CodeIgniter\CodeIgniter))
10 FCPATH\index.php(59): CodeIgniter\Boot::bootWeb(Object(Config\Paths))
ERROR - 2025-08-01 11:45:29 --> Order validation failed: {"delivery_address_id":"The delivery_address_id field is required."}
CRITICAL - 2025-08-01 11:45:53 --> CodeIgniter\View\Exceptions\ViewException: Invalid file: "layout.php"
[Method: GET, Route: orders/ORD202508010487/payment]
in SYSTEMPATH\Exceptions\FrameworkException.php on line 39.
 1 SYSTEMPATH\View\View.php(212): CodeIgniter\Exceptions\FrameworkException::forInvalidFile('layout.php')
 2 SYSTEMPATH\View\View.php(240): CodeIgniter\View\View->render('layout', [], true)
 3 SYSTEMPATH\Common.php(1173): CodeIgniter\View\View->render('orders/payment_details', [], true)
 4 APPPATH\Controllers\OrderController.php(139): view('orders/payment_details', [...])
 5 SYSTEMPATH\CodeIgniter.php(933): App\Controllers\OrderController->showPaymentDetails('ORD202508010487')
 6 SYSTEMPATH\CodeIgniter.php(507): CodeIgniter\CodeIgniter->runController(Object(App\Controllers\OrderController))
 7 SYSTEMPATH\CodeIgniter.php(354): CodeIgniter\CodeIgniter->handleRequest(null, Object(Config\Cache), false)
 8 SYSTEMPATH\Boot.php(334): CodeIgniter\CodeIgniter->run()
 9 SYSTEMPATH\Boot.php(67): CodeIgniter\Boot::runCodeIgniter(Object(CodeIgniter\CodeIgniter))
10 FCPATH\index.php(59): CodeIgniter\Boot::bootWeb(Object(Config\Paths))
