CRITICAL - 2025-07-09 04:44:01 --> ErrorException: Undefined array key "parent_id"
[Method: GET, Route: api/v1/categories/tree]
in APPPATH\Controllers\Api\CategoryApiController.php on line 99.
 1 APPPATH\Controllers\Api\CategoryApiController.php(99): CodeIgniter\Debug\Exceptions->errorHandler(2, 'Undefined array key "parent_id"', 'D:\\xampp\\htdocs\\nandinihub\\app\\Controllers\\Api\\CategoryApiController.php', 99)
 2 APPPATH\Controllers\Api\CategoryApiController.php(86): App\Controllers\Api\CategoryApiController->buildCategoryTree([...])
 3 SYSTEMPATH\CodeIgniter.php(933): App\Controllers\Api\CategoryApiController->tree()
 4 SYSTEMPATH\CodeIgniter.php(507): CodeIgniter\CodeIgniter->runController(Object(App\Controllers\Api\CategoryApiController))
 5 SYSTEMPATH\CodeIgniter.php(354): CodeIgniter\CodeIgniter->handleRequest(null, Object(Config\Cache), false)
 6 SYSTEMPATH\Boot.php(334): CodeIgniter\CodeIgniter->run()
 7 SYSTEMPATH\Boot.php(67): CodeIgniter\Boot::runCodeIgniter(Object(CodeIgniter\CodeIgniter))
 8 FCPATH\index.php(59): CodeIgniter\Boot::bootWeb(Object(Config\Paths))
CRITICAL - 2025-07-09 05:06:42 --> ErrorException: Undefined array key "parent_id"
[Method: GET, Route: api/v1/categories/tree]
in APPPATH\Controllers\Api\CategoryApiController.php on line 99.
 1 APPPATH\Controllers\Api\CategoryApiController.php(99): CodeIgniter\Debug\Exceptions->errorHandler(2, 'Undefined array key "parent_id"', 'D:\\xampp\\htdocs\\nandinihub\\app\\Controllers\\Api\\CategoryApiController.php', 99)
 2 APPPATH\Controllers\Api\CategoryApiController.php(86): App\Controllers\Api\CategoryApiController->buildCategoryTree([...])
 3 SYSTEMPATH\CodeIgniter.php(933): App\Controllers\Api\CategoryApiController->tree()
 4 SYSTEMPATH\CodeIgniter.php(507): CodeIgniter\CodeIgniter->runController(Object(App\Controllers\Api\CategoryApiController))
 5 SYSTEMPATH\CodeIgniter.php(354): CodeIgniter\CodeIgniter->handleRequest(null, Object(Config\Cache), false)
 6 SYSTEMPATH\Boot.php(334): CodeIgniter\CodeIgniter->run()
 7 SYSTEMPATH\Boot.php(67): CodeIgniter\Boot::runCodeIgniter(Object(CodeIgniter\CodeIgniter))
 8 FCPATH\index.php(59): CodeIgniter\Boot::bootWeb(Object(Config\Paths))
CRITICAL - 2025-07-09 05:31:44 --> ErrorException: Undefined array key "parent_id"
[Method: GET, Route: api/v1/categories/tree]
in APPPATH\Controllers\Api\CategoryApiController.php on line 99.
 1 APPPATH\Controllers\Api\CategoryApiController.php(99): CodeIgniter\Debug\Exceptions->errorHandler(2, 'Undefined array key "parent_id"', 'D:\\xampp\\htdocs\\nandinihub\\app\\Controllers\\Api\\CategoryApiController.php', 99)
 2 APPPATH\Controllers\Api\CategoryApiController.php(86): App\Controllers\Api\CategoryApiController->buildCategoryTree([...])
 3 SYSTEMPATH\CodeIgniter.php(933): App\Controllers\Api\CategoryApiController->tree()
 4 SYSTEMPATH\CodeIgniter.php(507): CodeIgniter\CodeIgniter->runController(Object(App\Controllers\Api\CategoryApiController))
 5 SYSTEMPATH\CodeIgniter.php(354): CodeIgniter\CodeIgniter->handleRequest(null, Object(Config\Cache), false)
 6 SYSTEMPATH\Boot.php(334): CodeIgniter\CodeIgniter->run()
 7 SYSTEMPATH\Boot.php(67): CodeIgniter\Boot::runCodeIgniter(Object(CodeIgniter\CodeIgniter))
 8 FCPATH\index.php(59): CodeIgniter\Boot::bootWeb(Object(Config\Paths))
CRITICAL - 2025-07-09 05:52:15 --> ErrorException: Undefined array key "parent_id"
[Method: GET, Route: api/v1/categories/tree]
in APPPATH\Controllers\Api\CategoryApiController.php on line 99.
 1 APPPATH\Controllers\Api\CategoryApiController.php(99): CodeIgniter\Debug\Exceptions->errorHandler(2, 'Undefined array key "parent_id"', 'D:\\xampp\\htdocs\\nandinihub\\app\\Controllers\\Api\\CategoryApiController.php', 99)
 2 APPPATH\Controllers\Api\CategoryApiController.php(86): App\Controllers\Api\CategoryApiController->buildCategoryTree([...])
 3 SYSTEMPATH\CodeIgniter.php(933): App\Controllers\Api\CategoryApiController->tree()
 4 SYSTEMPATH\CodeIgniter.php(507): CodeIgniter\CodeIgniter->runController(Object(App\Controllers\Api\CategoryApiController))
 5 SYSTEMPATH\CodeIgniter.php(354): CodeIgniter\CodeIgniter->handleRequest(null, Object(Config\Cache), false)
 6 SYSTEMPATH\Boot.php(334): CodeIgniter\CodeIgniter->run()
 7 SYSTEMPATH\Boot.php(67): CodeIgniter\Boot::runCodeIgniter(Object(CodeIgniter\CodeIgniter))
 8 FCPATH\index.php(59): CodeIgniter\Boot::bootWeb(Object(Config\Paths))
CRITICAL - 2025-07-09 05:52:16 --> CodeIgniter\Exceptions\BadMethodCallException: Call to undefined method App\Models\CartModel::getUserCartItems
[Method: GET, Route: api/v1/cart]
in SYSTEMPATH\Model.php on line 930.
 1 APPPATH\Controllers\Api\CartApiController.php(30): CodeIgniter\Model->__call('getUserCartItems', [...])
 2 SYSTEMPATH\CodeIgniter.php(933): App\Controllers\Api\CartApiController->index()
 3 SYSTEMPATH\CodeIgniter.php(507): CodeIgniter\CodeIgniter->runController(Object(App\Controllers\Api\CartApiController))
 4 SYSTEMPATH\CodeIgniter.php(354): CodeIgniter\CodeIgniter->handleRequest(null, Object(Config\Cache), false)
 5 SYSTEMPATH\Boot.php(334): CodeIgniter\CodeIgniter->run()
 6 SYSTEMPATH\Boot.php(67): CodeIgniter\Boot::runCodeIgniter(Object(CodeIgniter\CodeIgniter))
 7 FCPATH\index.php(59): CodeIgniter\Boot::bootWeb(Object(Config\Paths))
CRITICAL - 2025-07-09 05:52:16 --> ErrorException: Trying to access array offset on value of type int
[Method: POST, Route: api/v1/cart/add]
in APPPATH\Models\CartModel.php on line 57.
 1 APPPATH\Models\CartModel.php(57): CodeIgniter\Debug\Exceptions->errorHandler(2, 'Trying to access array offset on value of type int', 'D:\\xampp\\htdocs\\nandinihub\\app\\Models\\CartModel.php', 57)
 2 APPPATH\Controllers\Api\CartApiController.php(114): App\Models\CartModel->addToCart(9, 1, 2, '40.00')
 3 SYSTEMPATH\CodeIgniter.php(933): App\Controllers\Api\CartApiController->add()
 4 SYSTEMPATH\CodeIgniter.php(507): CodeIgniter\CodeIgniter->runController(Object(App\Controllers\Api\CartApiController))
 5 SYSTEMPATH\CodeIgniter.php(354): CodeIgniter\CodeIgniter->handleRequest(null, Object(Config\Cache), false)
 6 SYSTEMPATH\Boot.php(334): CodeIgniter\CodeIgniter->run()
 7 SYSTEMPATH\Boot.php(67): CodeIgniter\Boot::runCodeIgniter(Object(CodeIgniter\CodeIgniter))
 8 FCPATH\index.php(59): CodeIgniter\Boot::bootWeb(Object(Config\Paths))
CRITICAL - 2025-07-09 05:52:16 --> CodeIgniter\Exceptions\BadMethodCallException: Call to undefined method App\Models\CartModel::getUserCartItems
[Method: GET, Route: api/v1/cart]
in SYSTEMPATH\Model.php on line 930.
 1 APPPATH\Controllers\Api\CartApiController.php(30): CodeIgniter\Model->__call('getUserCartItems', [...])
 2 SYSTEMPATH\CodeIgniter.php(933): App\Controllers\Api\CartApiController->index()
 3 SYSTEMPATH\CodeIgniter.php(507): CodeIgniter\CodeIgniter->runController(Object(App\Controllers\Api\CartApiController))
 4 SYSTEMPATH\CodeIgniter.php(354): CodeIgniter\CodeIgniter->handleRequest(null, Object(Config\Cache), false)
 5 SYSTEMPATH\Boot.php(334): CodeIgniter\CodeIgniter->run()
 6 SYSTEMPATH\Boot.php(67): CodeIgniter\Boot::runCodeIgniter(Object(CodeIgniter\CodeIgniter))
 7 FCPATH\index.php(59): CodeIgniter\Boot::bootWeb(Object(Config\Paths))
CRITICAL - 2025-07-09 06:01:09 --> ErrorException: Undefined array key "parent_id"
[Method: GET, Route: api/v1/categories/tree]
in APPPATH\Controllers\Api\CategoryApiController.php on line 99.
 1 APPPATH\Controllers\Api\CategoryApiController.php(99): CodeIgniter\Debug\Exceptions->errorHandler(2, 'Undefined array key "parent_id"', 'D:\\xampp\\htdocs\\nandinihub\\app\\Controllers\\Api\\CategoryApiController.php', 99)
 2 APPPATH\Controllers\Api\CategoryApiController.php(86): App\Controllers\Api\CategoryApiController->buildCategoryTree([...])
 3 SYSTEMPATH\CodeIgniter.php(933): App\Controllers\Api\CategoryApiController->tree()
 4 SYSTEMPATH\CodeIgniter.php(507): CodeIgniter\CodeIgniter->runController(Object(App\Controllers\Api\CategoryApiController))
 5 SYSTEMPATH\CodeIgniter.php(354): CodeIgniter\CodeIgniter->handleRequest(null, Object(Config\Cache), false)
 6 SYSTEMPATH\Boot.php(334): CodeIgniter\CodeIgniter->run()
 7 SYSTEMPATH\Boot.php(67): CodeIgniter\Boot::runCodeIgniter(Object(CodeIgniter\CodeIgniter))
 8 FCPATH\index.php(59): CodeIgniter\Boot::bootWeb(Object(Config\Paths))
CRITICAL - 2025-07-09 06:01:09 --> ErrorException: Trying to access array offset on value of type int
[Method: POST, Route: api/v1/cart/add]
in APPPATH\Models\CartModel.php on line 57.
 1 APPPATH\Models\CartModel.php(57): CodeIgniter\Debug\Exceptions->errorHandler(2, 'Trying to access array offset on value of type int', 'D:\\xampp\\htdocs\\nandinihub\\app\\Models\\CartModel.php', 57)
 2 APPPATH\Controllers\Api\CartApiController.php(114): App\Models\CartModel->addToCart(9, 1, 2, '40.00')
 3 SYSTEMPATH\CodeIgniter.php(933): App\Controllers\Api\CartApiController->add()
 4 SYSTEMPATH\CodeIgniter.php(507): CodeIgniter\CodeIgniter->runController(Object(App\Controllers\Api\CartApiController))
 5 SYSTEMPATH\CodeIgniter.php(354): CodeIgniter\CodeIgniter->handleRequest(null, Object(Config\Cache), false)
 6 SYSTEMPATH\Boot.php(334): CodeIgniter\CodeIgniter->run()
 7 SYSTEMPATH\Boot.php(67): CodeIgniter\Boot::runCodeIgniter(Object(CodeIgniter\CodeIgniter))
 8 FCPATH\index.php(59): CodeIgniter\Boot::bootWeb(Object(Config\Paths))
