CRITICAL - 2025-07-10 04:57:53 --> ErrorException: Undefined array key "address_line_1"
[Method: POST, Route: api/v1/orders]
in APPPATH\Controllers\Api\OrderApiController.php on line 219.
 1 APPPATH\Controllers\Api\OrderApiController.php(219): CodeIgniter\Debug\Exceptions->errorHandler(2, 'Undefined array key "address_line_1"', 'D:\\xampp\\htdocs\\nandinihub\\app\\Controllers\\Api\\OrderApiController.php', 219)
 2 SYSTEMPATH\CodeIgniter.php(933): App\Controllers\Api\OrderApiController->create()
 3 SYSTEMPATH\CodeIgniter.php(507): CodeIgniter\CodeIgniter->runController(Object(App\Controllers\Api\OrderApiController))
 4 SYSTEMPATH\CodeIgniter.php(354): CodeIgniter\CodeIgniter->handleRequest(null, Object(Config\Cache), false)
 5 SYSTEMPATH\Boot.php(334): CodeIgniter\CodeIgniter->run()
 6 SYSTEMPATH\Boot.php(67): CodeIgniter\Boot::runCodeIgniter(Object(CodeIgniter\CodeIgniter))
 7 FCPATH\index.php(59): CodeIgniter\Boot::bootWeb(Object(Config\Paths))
CRITICAL - 2025-07-10 04:58:42 --> ErrorException: Undefined array key "total"
[Method: GET, Route: api/v1/orders]
in APPPATH\Controllers\Api\OrderApiController.php on line 65.
 1 APPPATH\Controllers\Api\OrderApiController.php(65): CodeIgniter\Debug\Exceptions->errorHandler(2, 'Undefined array key "total"', 'D:\\xampp\\htdocs\\nandinihub\\app\\Controllers\\Api\\OrderApiController.php', 65)
 2 SYSTEMPATH\CodeIgniter.php(933): App\Controllers\Api\OrderApiController->index()
 3 SYSTEMPATH\CodeIgniter.php(507): CodeIgniter\CodeIgniter->runController(Object(App\Controllers\Api\OrderApiController))
 4 SYSTEMPATH\CodeIgniter.php(354): CodeIgniter\CodeIgniter->handleRequest(null, Object(Config\Cache), false)
 5 SYSTEMPATH\Boot.php(334): CodeIgniter\CodeIgniter->run()
 6 SYSTEMPATH\Boot.php(67): CodeIgniter\Boot::runCodeIgniter(Object(CodeIgniter\CodeIgniter))
 7 FCPATH\index.php(59): CodeIgniter\Boot::bootWeb(Object(Config\Paths))
CRITICAL - 2025-07-10 05:06:49 --> ErrorException: Undefined array key "address_line_1"
[Method: POST, Route: api/v1/orders]
in APPPATH\Controllers\Api\OrderApiController.php on line 219.
 1 APPPATH\Controllers\Api\OrderApiController.php(219): CodeIgniter\Debug\Exceptions->errorHandler(2, 'Undefined array key "address_line_1"', 'D:\\xampp\\htdocs\\nandinihub\\app\\Controllers\\Api\\OrderApiController.php', 219)
 2 SYSTEMPATH\CodeIgniter.php(933): App\Controllers\Api\OrderApiController->create()
 3 SYSTEMPATH\CodeIgniter.php(507): CodeIgniter\CodeIgniter->runController(Object(App\Controllers\Api\OrderApiController))
 4 SYSTEMPATH\CodeIgniter.php(354): CodeIgniter\CodeIgniter->handleRequest(null, Object(Config\Cache), false)
 5 SYSTEMPATH\Boot.php(334): CodeIgniter\CodeIgniter->run()
 6 SYSTEMPATH\Boot.php(67): CodeIgniter\Boot::runCodeIgniter(Object(CodeIgniter\CodeIgniter))
 7 FCPATH\index.php(59): CodeIgniter\Boot::bootWeb(Object(Config\Paths))
CRITICAL - 2025-07-10 05:07:11 --> ErrorException: Undefined array key "address_line_1"
[Method: POST, Route: api/v1/orders]
in APPPATH\Controllers\Api\OrderApiController.php on line 219.
 1 APPPATH\Controllers\Api\OrderApiController.php(219): CodeIgniter\Debug\Exceptions->errorHandler(2, 'Undefined array key "address_line_1"', 'D:\\xampp\\htdocs\\nandinihub\\app\\Controllers\\Api\\OrderApiController.php', 219)
 2 SYSTEMPATH\CodeIgniter.php(933): App\Controllers\Api\OrderApiController->create()
 3 SYSTEMPATH\CodeIgniter.php(507): CodeIgniter\CodeIgniter->runController(Object(App\Controllers\Api\OrderApiController))
 4 SYSTEMPATH\CodeIgniter.php(354): CodeIgniter\CodeIgniter->handleRequest(null, Object(Config\Cache), false)
 5 SYSTEMPATH\Boot.php(334): CodeIgniter\CodeIgniter->run()
 6 SYSTEMPATH\Boot.php(67): CodeIgniter\Boot::runCodeIgniter(Object(CodeIgniter\CodeIgniter))
 7 FCPATH\index.php(59): CodeIgniter\Boot::bootWeb(Object(Config\Paths))
CRITICAL - 2025-07-10 05:07:14 --> ErrorException: Undefined array key "address_line_1"
[Method: POST, Route: api/v1/orders]
in APPPATH\Controllers\Api\OrderApiController.php on line 219.
 1 APPPATH\Controllers\Api\OrderApiController.php(219): CodeIgniter\Debug\Exceptions->errorHandler(2, 'Undefined array key "address_line_1"', 'D:\\xampp\\htdocs\\nandinihub\\app\\Controllers\\Api\\OrderApiController.php', 219)
 2 SYSTEMPATH\CodeIgniter.php(933): App\Controllers\Api\OrderApiController->create()
 3 SYSTEMPATH\CodeIgniter.php(507): CodeIgniter\CodeIgniter->runController(Object(App\Controllers\Api\OrderApiController))
 4 SYSTEMPATH\CodeIgniter.php(354): CodeIgniter\CodeIgniter->handleRequest(null, Object(Config\Cache), false)
 5 SYSTEMPATH\Boot.php(334): CodeIgniter\CodeIgniter->run()
 6 SYSTEMPATH\Boot.php(67): CodeIgniter\Boot::runCodeIgniter(Object(CodeIgniter\CodeIgniter))
 7 FCPATH\index.php(59): CodeIgniter\Boot::bootWeb(Object(Config\Paths))
CRITICAL - 2025-07-10 05:07:16 --> ErrorException: Undefined array key "address_line_1"
[Method: POST, Route: api/v1/orders]
in APPPATH\Controllers\Api\OrderApiController.php on line 219.
 1 APPPATH\Controllers\Api\OrderApiController.php(219): CodeIgniter\Debug\Exceptions->errorHandler(2, 'Undefined array key "address_line_1"', 'D:\\xampp\\htdocs\\nandinihub\\app\\Controllers\\Api\\OrderApiController.php', 219)
 2 SYSTEMPATH\CodeIgniter.php(933): App\Controllers\Api\OrderApiController->create()
 3 SYSTEMPATH\CodeIgniter.php(507): CodeIgniter\CodeIgniter->runController(Object(App\Controllers\Api\OrderApiController))
 4 SYSTEMPATH\CodeIgniter.php(354): CodeIgniter\CodeIgniter->handleRequest(null, Object(Config\Cache), false)
 5 SYSTEMPATH\Boot.php(334): CodeIgniter\CodeIgniter->run()
 6 SYSTEMPATH\Boot.php(67): CodeIgniter\Boot::runCodeIgniter(Object(CodeIgniter\CodeIgniter))
 7 FCPATH\index.php(59): CodeIgniter\Boot::bootWeb(Object(Config\Paths))
